<?xml version="1.0" encoding="utf-8"?><testsuites><testsuite name="pytest" errors="0" failures="0" skipped="1" tests="44" time="1.593" timestamp="2025-06-12T15:53:39.729363" hostname="macpro.local"><testcase classname="" name="tests.cli.test_eval_tool" time="0.000"><skipped message="collection skipped">('/Volumes/Studio/Sources/AI Projects/local-raft-toolkit/raft-toolkit/tests/cli/test_eval_tool.py', 20, 'Skipped: eval tool not available')</skipped></testcase><testcase classname="tests.unit.test_clients.TestOpenAIClient" name="test_build_openai_client_standard" time="0.002" /><testcase classname="tests.unit.test_clients.TestOpenAIClient" name="test_build_openai_client_azure" time="0.001" /><testcase classname="tests.unit.test_clients.TestOpenAIClient" name="test_is_azure_enabled" time="0.001" /><testcase classname="tests.unit.test_clients.TestOpenAIClient" name="test_is_azure_disabled" time="0.001" /><testcase classname="tests.unit.test_clients.TestOpenAIClient" name="test_build_langchain_embeddings_standard" time="0.001" /><testcase classname="tests.unit.test_clients.TestOpenAIClient" name="test_build_langchain_embeddings_azure" time="0.001" /><testcase classname="tests.unit.test_clients.TestStatsCompleter" name="test_stats_completer_basic_usage" time="0.000" /><testcase classname="tests.unit.test_clients.TestUsageStats" name="test_usage_stats_creation" time="0.000" /><testcase classname="tests.unit.test_clients.TestUsageStats" name="test_usage_stats_addition" time="0.000" /><testcase classname="tests.unit.test_config.TestRaftConfig" name="test_config_creation" time="0.000" /><testcase classname="tests.unit.test_config.TestRaftConfig" name="test_config_defaults" time="0.000" /><testcase classname="tests.unit.test_config.TestRaftConfig" name="test_config_validation_invalid_doctype" time="0.000" /><testcase classname="tests.unit.test_config.TestRaftConfig" name="test_config_validation_missing_api_key" time="0.000" /><testcase classname="tests.unit.test_config.TestRaftConfig" name="test_config_from_env" time="0.002" /><testcase classname="tests.unit.test_config.TestRaftConfig" name="test_config_from_env_file" time="0.001" /><testcase classname="tests.unit.test_config.TestRaftConfig" name="test_config_chunking_params_parsing" time="0.000" /><testcase classname="tests.unit.test_config.TestRaftConfig" name="test_config_invalid_output_format" time="0.000" /><testcase classname="tests.unit.test_config.TestRaftConfig" name="test_config_invalid_chunking_strategy" time="0.000" /><testcase classname="tests.unit.test_models.TestDocumentChunk" name="test_document_chunk_creation" time="0.000" /><testcase classname="tests.unit.test_models.TestDocumentChunk" name="test_document_chunk_with_custom_id" time="0.000" /><testcase classname="tests.unit.test_models.TestDocumentChunk" name="test_document_chunk_serialization" time="0.000" /><testcase classname="tests.unit.test_models.TestDocumentChunk" name="test_document_chunk_from_dict" time="0.000" /><testcase classname="tests.unit.test_models.TestQADataPoint" name="test_qa_datapoint_creation" time="0.000" /><testcase classname="tests.unit.test_models.TestQADataPoint" name="test_qa_datapoint_serialization" time="0.000" /><testcase classname="tests.unit.test_models.TestQADataPoint" name="test_qa_datapoint_from_dict" time="0.000" /><testcase classname="tests.unit.test_models.TestProcessingResult" name="test_processing_result_success" time="0.000" /><testcase classname="tests.unit.test_models.TestProcessingResult" name="test_processing_result_failure" time="0.000" /><testcase classname="tests.unit.test_models.TestProcessingResult" name="test_processing_result_serialization" time="0.000" /><testcase classname="tests.unit.test_models.TestEnums" name="test_doc_type_enum" time="0.000" /><testcase classname="tests.unit.test_models.TestEnums" name="test_chunking_strategy_enum" time="0.000" /><testcase classname="tests.unit.test_models.TestEnums" name="test_output_format_enum" time="0.000" /><testcase classname="tests.unit.test_models.TestEnums" name="test_job_status_enum" time="0.000" /><testcase classname="tests.unit.test_utils.TestFileUtils" name="test_split_jsonl_file" time="0.001" /><testcase classname="tests.unit.test_utils.TestFileUtils" name="test_extract_random_jsonl_rows" time="0.001" /><testcase classname="tests.unit.test_utils.TestEnvConfig" name="test_read_env_config_basic" time="0.001" /><testcase classname="tests.unit.test_utils.TestEnvConfig" name="test_read_env_config_empty_prefix" time="0.001" /><testcase classname="tests.unit.test_utils.TestEnvConfig" name="test_set_env_context_manager" time="0.001" /><testcase classname="tests.unit.test_utils.TestIdentityUtils" name="test_azure_available_flag" time="0.000" /><testcase classname="tests.unit.test_utils.TestIdentityUtils" name="test_get_azure_openai_token_success" time="0.001" /><testcase classname="tests.unit.test_utils.TestIdentityUtils" name="test_get_azure_openai_token_unavailable" time="0.000" /><testcase classname="tests.unit.test_utils.TestIdentityUtils" name="test_get_cognitive_service_token_success" time="0.001" /><testcase classname="tests.unit.test_utils.TestIdentityUtils" name="test_get_db_token_success" time="0.001" /><testcase classname="tests.unit.test_utils.TestIdentityUtils" name="test_token_caching" time="0.001" /></testsuite></testsuites>